[    0.000000] Initializing cgroup subsys cpuset
[    0.000000] Initializing cgroup subsys cpu
[    0.000000] Initializing cgroup subsys cpuacct
[    0.000000] Linux version 4.4.0-146-generic (buildd@lcy01-amd64-025) (gcc version 5.4.0 20160609 (Ubuntu 5.4.0-6ubuntu1~16.04.10) ) #172-Ubuntu SMP Wed Apr 3 09:00:08 UTC 2019 (Ubuntu 4.4.0-146.172-generic 4.4.177)
[    0.000000] Command line: BOOT_IMAGE=/boot/vmlinuz-4.4.0-146-generic root=LABEL=cloudimg-rootfs ro console=tty1 console=ttyS0
[    0.000000] KERNEL supported cpus:
[    0.000000]   Intel GenuineIntel
[    0.000000]   AMD AuthenticAMD
[    0.000000]   Centaur CentaurHauls
[    0.000000] x86/fpu: xstate_offset[2]:  576, xstate_sizes[2]:  256
[    0.000000] x86/fpu: Supporting XSAVE feature 0x01: 'x87 floating point registers'
[    0.000000] x86/fpu: Supporting XSAVE feature 0x02: 'SSE registers'
[    0.000000] x86/fpu: Supporting XSAVE feature 0x04: 'AVX registers'
[    0.000000] x86/fpu: Enabled xstate features 0x7, context size is 832 bytes, using 'standard' format.
[    0.000000] e820: BIOS-provided physical RAM map:
[    0.000000] BIOS-e820: [mem 0x0000000000000000-0x000000000009fbff] usable
[    0.000000] BIOS-e820: [mem 0x000000000009fc00-0x000000000009ffff] reserved
[    0.000000] BIOS-e820: [mem 0x00000000000f0000-0x00000000000fffff] reserved
[    0.000000] BIOS-e820: [mem 0x0000000000100000-0x000000003ffeffff] usable
[    0.000000] BIOS-e820: [mem 0x000000003fff0000-0x000000003fffffff] ACPI data
[    0.000000] BIOS-e820: [mem 0x00000000fec00000-0x00000000fec00fff] reserved
[    0.000000] BIOS-e820: [mem 0x00000000fee00000-0x00000000fee00fff] reserved
[    0.000000] BIOS-e820: [mem 0x00000000fffc0000-0x00000000ffffffff] reserved
[    0.000000] NX (Execute Disable) protection: active
[    0.000000] SMBIOS 2.5 present.
[    0.000000] Hypervisor detected: KVM
[    0.000000] e820: last_pfn = 0x3fff0 max_arch_pfn = 0x400000000
[    0.000000] MTRR: Disabled
[    0.000000] x86/PAT: MTRRs disabled, skipping PAT initialization too.
[    0.000000] CPU MTRRs all blank - virtualized system.
[    0.000000] x86/PAT: Configuration [0-7]: WB  WT  UC- UC  WB  WT  UC- UC  
[    0.000000] found SMP MP-table at [mem 0x0009fff0-0x0009ffff] mapped at [ffff88000009fff0]
[    0.000000] Scanning 1 areas for low memory corruption
[    0.000000] RAMDISK: [mem 0x362fa000-0x37174fff]
[    0.000000] ACPI: Early table checksum verification disabled
[    0.000000] ACPI: RSDP 0x00000000000E0000 000024 (v02 VBOX  )
[    0.000000] ACPI: XSDT 0x000000003FFF0030 00003C (v01 VBOX   VBOXXSDT 00000001 ASL  00000061)
[    0.000000] ACPI: FACP 0x000000003FFF00F0 0000F4 (v04 VBOX   VBOXFACP 00000001 ASL  00000061)
[    0.000000] ACPI: DSDT 0x000000003FFF0470 0022EA (v02 VBOX   VBOXBIOS 00000002 INTL 20100528)
[    0.000000] ACPI: FACS 0x000000003FFF0200 000040
[    0.000000] ACPI: FACS 0x000000003FFF0200 000040
[    0.000000] ACPI: APIC 0x000000003FFF0240 00005C (v02 VBOX   VBOXAPIC 00000001 ASL  00000061)
[    0.000000] ACPI: SSDT 0x000000003FFF02A0 0001CC (v01 VBOX   VBOXCPUT 00000002 INTL 20100528)
[    0.000000] No NUMA configuration found
[    0.000000] Faking a node at [mem 0x0000000000000000-0x000000003ffeffff]
[    0.000000] NODE_DATA(0) allocated [mem 0x3ffeb000-0x3ffeffff]
[    0.000000] kvm-clock: Using msrs 4b564d01 and 4b564d00
[    0.000000] kvm-clock: cpu 0, msr 0:3ffe3001, primary cpu clock
[    0.000000] kvm-clock: using sched offset of 8626618757 cycles
[    0.000000] clocksource: kvm-clock: mask: 0xffffffffffffffff max_cycles: 0x1cd42e4dffb, max_idle_ns: 881590591483 ns
[    0.000000] Zone ranges:
[    0.000000]   DMA      [mem 0x0000000000001000-0x0000000000ffffff]
[    0.000000]   DMA32    [mem 0x0000000001000000-0x000000003ffeffff]
[    0.000000]   Normal   empty
[    0.000000]   Device   empty
[    0.000000] Movable zone start for each node
[    0.000000] Early memory node ranges
[    0.000000]   node   0: [mem 0x0000000000001000-0x000000000009efff]
[    0.000000]   node   0: [mem 0x0000000000100000-0x000000003ffeffff]
[    0.000000] Initmem setup node 0 [mem 0x0000000000001000-0x000000003ffeffff]
[    0.000000] ACPI: PM-Timer IO Port: 0x4008
[    0.000000] IOAPIC[0]: apic_id 2, version 32, address 0xfec00000, GSI 0-23
[    0.000000] ACPI: INT_SRC_OVR (bus 0 bus_irq 0 global_irq 2 dfl dfl)
[    0.000000] ACPI: INT_SRC_OVR (bus 0 bus_irq 9 global_irq 9 low level)
[    0.000000] Using ACPI (MADT) for SMP configuration information
[    0.000000] smpboot: Allowing 2 CPUs, 0 hotplug CPUs
[    0.000000] PM: Registered nosave memory: [mem 0x00000000-0x00000fff]
[    0.000000] PM: Registered nosave memory: [mem 0x0009f000-0x0009ffff]
[    0.000000] PM: Registered nosave memory: [mem 0x000a0000-0x000effff]
[    0.000000] PM: Registered nosave memory: [mem 0x000f0000-0x000fffff]
[    0.000000] e820: [mem 0x40000000-0xfebfffff] available for PCI devices
[    0.000000] Booting paravirtualized kernel on KVM
[    0.000000] clocksource: refined-jiffies: mask: 0xffffffff max_cycles: 0xffffffff, max_idle_ns: 7645519600211568 ns
[    0.000000] setup_percpu: NR_CPUS:512 nr_cpumask_bits:512 nr_cpu_ids:2 nr_node_ids:1
[    0.000000] PERCPU: Embedded 34 pages/cpu @ffff88003fc00000 s99480 r8192 d31592 u1048576
[    0.000000] Built 1 zonelists in Node order, mobility grouping on.  Total pages: 257912
[    0.000000] Policy zone: DMA32
[    0.000000] Kernel command line: BOOT_IMAGE=/boot/vmlinuz-4.4.0-146-generic root=LABEL=cloudimg-rootfs ro console=tty1 console=ttyS0
[    0.000000] PID hash table entries: 4096 (order: 3, 32768 bytes)
[    0.000000] Memory: 997732K/1048120K available (8609K kernel code, 1334K rwdata, 4028K rodata, 1484K init, 1284K bss, 50388K reserved, 0K cma-reserved)
[    0.000000] SLUB: HWalign=64, Order=0-3, MinObjects=0, CPUs=2, Nodes=1
[    0.000000] Kernel/User page tables isolation: enabled
[    0.000000] Hierarchical RCU implementation.
[    0.000000] 	Build-time adjustment of leaf fanout to 64.
[    0.000000] 	RCU restricting CPUs from NR_CPUS=512 to nr_cpu_ids=2.
[    0.000000] RCU: Adjusting geometry for rcu_fanout_leaf=64, nr_cpu_ids=2
[    0.000000] NR_IRQS:33024 nr_irqs:440 16
[    0.000000] Console: colour VGA+ 80x25
[    0.000000] console [tty1] enabled
[    0.000000] console [ttyS0] enabled
[    0.000000] tsc: Detected 1599.999 MHz processor
[    0.315671] Calibrating delay loop (skipped) preset value.. 3199.99 BogoMIPS (lpj=6399996)
[    0.319614] pid_max: default: 32768 minimum: 301
[    0.321888] ACPI: Core revision 20150930
[    0.324663] ACPI: 2 ACPI AML tables successfully acquired and loaded
[    0.327863] Security Framework initialized
[    0.329751] Yama: becoming mindful.
[    0.331368] AppArmor: AppArmor initialized
[    0.335303] Dentry cache hash table entries: 131072 (order: 8, 1048576 bytes)
[    0.343354] Inode-cache hash table entries: 65536 (order: 7, 524288 bytes)
[    0.347298] Mount-cache hash table entries: 2048 (order: 2, 16384 bytes)
[    0.350080] Mountpoint-cache hash table entries: 2048 (order: 2, 16384 bytes)
[    0.353672] Initializing cgroup subsys io
[    0.355728] Initializing cgroup subsys memory
[    0.357930] Initializing cgroup subsys devices
[    0.359797] Initializing cgroup subsys freezer
[    0.361708] Initializing cgroup subsys net_cls
[    0.363961] Initializing cgroup subsys perf_event
[    0.366152] Initializing cgroup subsys net_prio
[    0.368018] Initializing cgroup subsys hugetlb
[    0.369908] Initializing cgroup subsys pids
[    0.373047] mce: CPU supports 0 MCE banks
[    0.374998] Last level iTLB entries: 4KB 64, 2MB 8, 4MB 8
[    0.377559] Last level dTLB entries: 4KB 64, 2MB 0, 4MB 0, 1GB 4
[    0.379948] Spectre V2 : Mitigation: Full generic retpoline
[    0.382277] Spectre V2 : Spectre v2 / SpectreRSB mitigation: Filling RSB on context switch
[    0.385818] Speculative Store Bypass: Vulnerable
[    0.391404] Freeing SMP alternatives memory: 36K
[    0.400478] ftrace: allocating 32287 entries in 127 pages
[    0.480191] smpboot: APIC(0) Converting physical 0 to logical package 0
[    0.482980] smpboot: Max logical packages: 1
[    0.485330] x2apic enabled
[    0.487012] Switched APIC routing to physical x2apic.
[    0.490766] ..TIMER: vector=0x30 apic1=0 pin1=2 apic2=-1 pin2=-1
[    0.601790] smpboot: CPU0: Intel(R) Core(TM) i5-5250U CPU @ 1.60GHz (family: 0x6, model: 0x3d, stepping: 0x4)
[    0.609916] Performance Events: unsupported p6 CPU model 61 no PMU driver, software events only.
[    0.633731] KVM setup paravirtual spinlock
[    0.636964] x86: Booting SMP configuration:
[    0.639221] .... node  #0, CPUs:      #1
[    0.641515] kvm-clock: cpu 1, msr 0:3ffe3041, secondary cpu clock
[    0.645316] mce: CPU supports 0 MCE banks
[    0.649253] x86: Booted up 1 node, 2 CPUs
[    0.651647] smpboot: Total of 2 processors activated (6399.99 BogoMIPS)
[    0.655077] devtmpfs: initialized
[    0.658197] evm: security.selinux
[    0.659770] evm: security.SMACK64
[    0.661333] evm: security.SMACK64EXEC
[    0.663004] evm: security.SMACK64TRANSMUTE
[    0.664673] evm: security.SMACK64MMAP
[    0.666261] evm: security.ima
[    0.667584] evm: security.capability
[    0.669305] clocksource: jiffies: mask: 0xffffffff max_cycles: 0xffffffff, max_idle_ns: 7645041785100000 ns
[    0.673384] futex hash table entries: 512 (order: 3, 32768 bytes)
[    0.676137] pinctrl core: initialized pinctrl subsystem
[    0.678644] RTC time:  8:57:44, date: 05/28/19
[    0.680762] NET: Registered protocol family 16
[    0.694900] cpuidle: using governor ladder
[    0.706825] cpuidle: using governor menu
[    0.709381] PCCT header not found.
[    0.711597] ACPI: bus type PCI registered
[    0.713627] acpiphp: ACPI Hot Plug PCI Controller Driver version: 0.5
[    0.716514] PCI: Using configuration type 1 for base access
[    0.732744] ACPI: Added _OSI(Module Device)
[    0.736240] ACPI: Added _OSI(Processor Device)
[    0.739205] ACPI: Added _OSI(3.0 _SCP Extensions)
[    0.742939] ACPI: Added _OSI(Processor Aggregator Device)
[    0.746963] ACPI: Executed 1 blocks of module-level executable AML code
[    0.752205] ACPI: Interpreter enabled
[    0.753940] ACPI: (supports S0 S5)
[    0.755660] ACPI: Using IOAPIC for interrupt routing
[    0.757933] PCI: Using host bridge windows from ACPI; if necessary, use "pci=nocrs" and report a bug
[    0.767679] ACPI: PCI Root Bridge [PCI0] (domain 0000 [bus 00-ff])
[    0.770164] acpi PNP0A03:00: _OSC: OS supports [ASPM ClockPM Segments MSI]
[    0.773148] acpi PNP0A03:00: _OSC: not requesting OS control; OS requires [ExtendedConfig ASPM ClockPM MSI]
[    0.777308] acpi PNP0A03:00: fail to add MMCONFIG information, can't access extended PCI configuration space under this bridge.
[    0.782818] PCI host bridge to bus 0000:00
[    0.784585] pci_bus 0000:00: root bus resource [io  0x0000-0x0cf7 window]
[    0.787386] pci_bus 0000:00: root bus resource [io  0x0d00-0xffff window]
[    0.790122] pci_bus 0000:00: root bus resource [mem 0x000a0000-0x000bffff window]
[    0.793236] pci_bus 0000:00: root bus resource [mem 0x40000000-0xfdffffff window]
[    0.796561] pci_bus 0000:00: root bus resource [bus 00-ff]
[    0.803984] pci 0000:00:01.1: legacy IDE quirk: reg 0x10: [io  0x01f0-0x01f7]
[    0.808045] pci 0000:00:01.1: legacy IDE quirk: reg 0x14: [io  0x03f6]
[    0.811015] pci 0000:00:01.1: legacy IDE quirk: reg 0x18: [io  0x0170-0x0177]
[    0.813724] pci 0000:00:01.1: legacy IDE quirk: reg 0x1c: [io  0x0376]
[    0.844672] pci 0000:00:07.0: quirk: [io  0x4000-0x403f] claimed by PIIX4 ACPI
[    0.849174] pci 0000:00:07.0: quirk: [io  0x4100-0x410f] claimed by PIIX4 SMB
[    0.878936] ACPI: PCI Interrupt Link [LNKA] (IRQs 5 9 10 *11)
[    0.883340] ACPI: PCI Interrupt Link [LNKB] (IRQs 5 9 *10 11)
[    0.887373] ACPI: PCI Interrupt Link [LNKC] (IRQs 5 *9 10 11)
[    0.891748] ACPI: PCI Interrupt Link [LNKD] (IRQs 5 9 10 *11)
[    0.894794] ACPI: Enabled 2 GPEs in block 00 to 07
[    0.897271] vgaarb: setting as boot device: PCI:0000:00:02.0
[    0.899666] vgaarb: device added: PCI:0000:00:02.0,decodes=io+mem,owns=io+mem,locks=none
[    0.903104] vgaarb: loaded
[    0.904289] vgaarb: bridge control possible 0000:00:02.0
[    0.906808] SCSI subsystem initialized
[    0.908732] ACPI: bus type USB registered
[    0.910674] usbcore: registered new interface driver usbfs
[    0.913098] usbcore: registered new interface driver hub
[    0.916726] usbcore: registered new device driver usb
[    0.920460] PCI: Using ACPI for IRQ routing
[    0.923887] NetLabel: Initializing
[    0.926773] NetLabel:  domain hash size = 128
[    0.930393] NetLabel:  protocols = UNLABELED CIPSOv4
[    0.938767] NetLabel:  unlabeled traffic allowed by default
[    0.943887] amd_nb: Cannot enumerate AMD northbridges
[    0.948252] clocksource: Switched to clocksource kvm-clock
[    0.974371] AppArmor: AppArmor Filesystem Enabled
[    0.978857] pnp: PnP ACPI init
[    0.988801] pnp: PnP ACPI: found 3 devices
[    1.016996] clocksource: acpi_pm: mask: 0xffffff max_cycles: 0xffffff, max_idle_ns: 2085701024 ns
[    1.023944] NET: Registered protocol family 2
[    1.026104] TCP established hash table entries: 8192 (order: 4, 65536 bytes)
[    1.029043] TCP bind hash table entries: 8192 (order: 5, 131072 bytes)
[    1.031481] TCP: Hash tables configured (established 8192 bind 8192)
[    1.033981] UDP hash table entries: 512 (order: 2, 16384 bytes)
[    1.038074] UDP-Lite hash table entries: 512 (order: 2, 16384 bytes)
[    1.041328] NET: Registered protocol family 1
[    1.043496] pci 0000:00:00.0: Limiting direct PCI/PCI transfers
[    1.046154] pci 0000:00:01.0: Activating ISA DMA hang workarounds
[    1.049175] Unpacking initramfs...
[    1.358300] Freeing initrd memory: 14828K
[    1.360099] RAPL PMU detected, API unit is 2^-32 Joules, 4 fixed counters 10737418240 ms ovfl timer
[    1.363805] hw unit of domain pp0-core 2^-0 Joules
[    1.365836] hw unit of domain package 2^-0 Joules
[    1.367782] hw unit of domain dram 2^-0 Joules
[    1.369695] hw unit of domain pp1-gpu 2^-0 Joules
[    1.371629] platform rtc_cmos: registered platform RTC device (no PNP device found)
[    1.374888] Scanning for low memory corruption every 60 seconds
[    1.377896] audit: initializing netlink subsys (disabled)
[    1.380209] audit: type=2000 audit(1559033874.881:1): initialized
[    1.382976] Initialise system trusted keyring
[    1.385073] HugeTLB registered 2 MB page size, pre-allocated 0 pages
[    1.389034] zbud: loaded
[    1.390624] VFS: Disk quotas dquot_6.6.0
[    1.392282] VFS: Dquot-cache hash table entries: 512 (order 0, 4096 bytes)
[    1.395337] squashfs: version 4.0 (2009/01/31) Phillip Lougher
[    1.398186] fuse init (API version 7.23)
[    1.399957] Key type big_key registered
[    1.401607] Allocating IMA MOK and blacklist keyrings.
[    1.405622] Key type asymmetric registered
[    1.408896] Asymmetric key parser 'x509' registered
[    1.412733] Block layer SCSI generic (bsg) driver version 0.4 loaded (major 249)
[    1.419646] io scheduler noop registered
[    1.423975] io scheduler deadline registered (default)
[    1.428881] io scheduler cfq registered
[    1.432091] pci_hotplug: PCI Hot Plug PCI Core version: 0.5
[    1.436998] pciehp: PCI Express Hot Plug Controller Driver version: 0.4
[    1.442310] ACPI: AC Adapter [AC] (off-line)
[    1.445769] input: Power Button as /devices/LNXSYSTM:00/LNXPWRBN:00/input/input0
[    1.452163] ACPI: Power Button [PWRF]
[    1.456688] input: Sleep Button as /devices/LNXSYSTM:00/LNXSLPBN:00/input/input1
[    1.461152] ACPI: Sleep Button [SLPF]
[    1.463765] GHES: HEST is not enabled!
[    1.466263] ACPI: Battery Slot [BAT0] (battery present)
[    1.466302] Serial: 8250/16550 driver, 32 ports, IRQ sharing enabled
[    1.489582] 00:02: ttyS0 at I/O 0x3f8 (irq = 4, base_baud = 115200) is a 16550A
[    1.494363] Linux agpgart interface v0.103
[    1.497957] loop: module loaded
[    1.498876] scsi host0: ata_piix
[    1.498973] scsi host1: ata_piix
[    1.499023] ata1: PATA max UDMA/33 cmd 0x1f0 ctl 0x3f6 bmdma 0xd000 irq 14
[    1.499024] ata2: PATA max UDMA/33 cmd 0x170 ctl 0x376 bmdma 0xd008 irq 15
[    1.499140] libphy: Fixed MDIO Bus: probed
[    1.499144] tun: Universal TUN/TAP device driver, 1.6
[    1.499144] tun: (C) 1999-2004 Max Krasnyansky <maxk@qualcomm.com>
[    1.499198] PPP generic driver version 2.4.2
[    1.499254] ehci_hcd: USB 2.0 'Enhanced' Host Controller (EHCI) Driver
[    1.499259] ehci-pci: EHCI PCI platform driver
[    1.499276] ehci-platform: EHCI generic platform driver
[    1.499286] ohci_hcd: USB 1.1 'Open' Host Controller (OHCI) Driver
[    1.499289] ohci-pci: OHCI PCI platform driver
[    1.499298] ohci-platform: OHCI generic platform driver
[    1.499307] uhci_hcd: USB Universal Host Controller Interface driver
[    1.499369] i8042: PNP: PS/2 Controller [PNP0303:PS2K,PNP0f03:PS2M] at 0x60,0x64 irq 1,12
[    1.508876] serio: i8042 KBD port at 0x60,0x64 irq 1
[    1.508885] serio: i8042 AUX port at 0x60,0x64 irq 12
[    1.509087] mousedev: PS/2 mouse device common for all mice
[    1.509606] rtc_cmos rtc_cmos: rtc core: registered rtc_cmos as rtc0
[    1.509682] rtc_cmos rtc_cmos: alarms up to one day, 114 bytes nvram
[    1.509691] i2c /dev entries driver
[    1.509809] device-mapper: uevent: version 1.0.3
[    1.509950] device-mapper: ioctl: 4.34.0-ioctl (2015-10-28) initialised: dm-devel@redhat.com
[    1.509980] ledtrig-cpu: registered to indicate activity on CPUs
[    1.510588] NET: Registered protocol family 10
[    1.511121] NET: Registered protocol family 17
[    1.511136] Key type dns_resolver registered
[    1.511658] registered taskstats version 1
[    1.511676] Loading compiled-in X.509 certificates
[    1.512550] Loaded X.509 cert 'Build time autogenerated kernel key: 4dcb2dc2c7cf43e0c20c44384f68683c20294489'
[    1.512585] zswap: loaded using pool lzo/zbud
[    1.520122] Key type trusted registered
[    1.523538] input: AT Translated Set 2 keyboard as /devices/platform/i8042/serio0/input/input2
[    1.524418] Key type encrypted registered
[    1.524426] AppArmor: AppArmor sha1 policy hashing enabled
[    1.524430] ima: No TPM chip found, activating TPM-bypass!
[    1.524437] ima: Allocated hash algorithm: sha1
[    1.524460] evm: HMAC attrs: 0x1
[    1.525165]   Magic number: 3:388:979
[    1.526225] rtc_cmos rtc_cmos: setting system clock to 2019-05-28 08:57:45 UTC (1559033865)
[    1.526447] BIOS EDD facility v0.16 2004-Jun-25, 0 devices found
[    1.526448] EDD information not available.
[    1.674733] Freeing unused kernel memory: 1484K
[    1.678257] Write protecting the kernel read-only data: 14336k
[    1.682433] Freeing unused kernel memory: 1620K
[    1.685269] Freeing unused kernel memory: 68K
Loading, please wait...
starting version 229
[    1.706388] random: udevadm: uninitialized urandom read (16 bytes read, 3 bits of entropy available)
[    1.706517] random: systemd-udevd: uninitialized urandom read (16 bytes read, 3 bits of entropy available)
[    1.706639] random: systemd-udevd: uninitialized urandom read (16 bytes read, 3 bits of entropy available)
[    1.706658] random: systemd-udevd: uninitialized urandom read (16 bytes read, 3 bits of entropy available)
[    1.706679] random: systemd-udevd: uninitialized urandom read (16 bytes read, 3 bits of entropy available)
[    1.725898] random: udevadm: uninitialized urandom read (16 bytes read, 3 bits of entropy available)
[    1.735778] random: systemd-udevd: uninitialized urandom read (16 bytes read, 3 bits of entropy available)
[    1.739953] random: udevadm: uninitialized urandom read (16 bytes read, 3 bits of entropy available)
[    1.740001] random: udevadm: uninitialized urandom read (16 bytes read, 3 bits of entropy available)
[    1.740167] random: udevadm: uninitialized urandom read (16 bytes read, 3 bits of entropy available)
[    1.815157] e1000: Intel(R) PRO/1000 Network Driver - version 7.3.21-k8-NAPI
[    1.818720] e1000: Copyright (c) 1999-2006 Intel Corporation.
[    1.822140] Fusion MPT base driver 3.04.20
[    1.824279] Copyright (c) 1999-2008 LSI Corporation
[    1.842286] Fusion MPT SPI Host driver 3.04.20
[    1.853041] AVX2 version of gcm_enc/dec engaged.
[    1.856304] AES CTR mode by8 optimization enabled
[    2.065516] input: ImExPS/2 Generic Explorer Mouse as /devices/platform/i8042/serio1/input/input4
[    2.373603] tsc: Refined TSC clocksource calibration: 1602.048 MHz
[    2.378546] clocksource: tsc: mask: 0xffffffffffffffff max_cycles: 0x1717b3a20d6, max_idle_ns: 440795206387 ns
[    2.401366] e1000 0000:00:03.0 eth0: (PCI:33MHz:32-bit) 02:3a:f4:24:e2:72
[    2.406026] e1000 0000:00:03.0 eth0: Intel(R) PRO/1000 Network Connection
[    2.412264] mptbase: ioc0: Initiating bringup
[    2.414513] e1000 0000:00:03.0 enp0s3: renamed from eth0
[    2.484969] ioc0: LSI53C1030 A0: Capabilities={Initiator}
[    2.653802] scsi host2: ioc0: LSI53C1030 A0, FwRev=00000000h, Ports=1, MaxQ=256, IRQ=20
[    2.771348] scsi 2:0:0:0: Direct-Access     VBOX     HARDDISK         1.0  PQ: 0 ANSI: 5
[    2.776019] scsi target2:0:0: Beginning Domain Validation
[    2.782034] scsi target2:0:0: Domain Validation skipping write tests
[    2.784569] scsi target2:0:0: Ending Domain Validation
[    2.786877] scsi target2:0:0: asynchronous
[    2.789669] scsi 2:0:1:0: Direct-Access     VBOX     HARDDISK         1.0  PQ: 0 ANSI: 5
[    2.803990] scsi target2:0:1: Beginning Domain Validation
[    2.810391] scsi target2:0:1: Domain Validation skipping write tests
[    2.813004] scsi target2:0:1: Ending Domain Validation
[    2.815107] scsi target2:0:1: asynchronous
[    2.828142] sd 2:0:0:0: Attached scsi generic sg0 type 0
[    2.830715] sd 2:0:0:0: [sda] 20971520 512-byte logical blocks: (10.7 GB/10.0 GiB)
[    2.834810] sd 2:0:1:0: Attached scsi generic sg1 type 0
[    2.837326] sd 2:0:1:0: [sdb] 20480 512-byte logical blocks: (10.5 MB/10.0 MiB)
[    2.840748] sd 2:0:0:0: [sda] Write Protect is off
[    2.842972] sd 2:0:1:0: [sdb] Write Protect is off
[    2.845498] sd 2:0:0:0: [sda] Incomplete mode parameter data
[    2.847822] sd 2:0:0:0: [sda] Assuming drive cache: write through
[    2.848397] sd 2:0:1:0: [sdb] Incomplete mode parameter data
[    2.848400] sd 2:0:1:0: [sdb] Assuming drive cache: write through
[    2.857486] sd 2:0:1:0: [sdb] Attached SCSI disk
[    2.863007]  sda: sda1
[    2.867309] sd 2:0:0:0: [sda] Attached SCSI disk
Begin: Loading essential drivers ... [    4.545572] md: linear personality registered for level -1
[    4.563016] md: multipath personality registered for level -4
[    4.575664] md: raid0 personality registered for level 0
[    4.594162] md: raid1 personality registered for level 1
[    4.676858] raid6: sse2x1   gen()  7084 MB/s
[    4.744350] raid6: sse2x1   xor()  5381 MB/s
[    4.812877] raid6: sse2x2   gen()  9017 MB/s
[    4.880493] raid6: sse2x2   xor()  5243 MB/s
[    4.948315] raid6: sse2x4   gen()  6889 MB/s
[    5.016490] raid6: sse2x4   xor()  7243 MB/s
[    5.084940] raid6: avx2x1   gen() 14461 MB/s
[    5.152511] raid6: avx2x2   gen() 17000 MB/s
[    5.220463] raid6: avx2x4   gen() 18510 MB/s
[    5.222414] raid6: using algorithm avx2x4 gen() 18510 MB/s
[    5.225295] raid6: using avx2x2 recovery algorithm
[    5.229235] xor: automatically using best checksumming function:
[    5.268687]    avx       : 24079.000 MB/sec
[    5.272089] async_tx: api initialized (async)
[    5.296192] md: raid6 personality registered for level 6
[    5.298813] md: raid5 personality registered for level 5
[    5.301172] md: raid4 personality registered for level 4
[    5.312887] md: raid10 personality registered for level 10
done.
Begin: Running /scripts/init-premount ... done.
Begin: Mounting root file system ... Begin: Running /scripts/local-top ... done.
Begin: Running /scripts/local-premount ... [    5.358979] Btrfs loaded
Scanning for Btrfs filesystems
done.
Warning: fsck not present, so skipping root file system
[    5.466955] EXT4-fs (sda1): mounted filesystem with ordered data mode. Opts: (null)
done.
Begin: Running /scripts/local-bottom ... done.
Begin: Running /scripts/init-bottom ... done.
[    5.926718] systemd[1]: systemd 229 running in system mode. (+PAM +AUDIT +SELINUX +IMA +APPARMOR +SMACK +SYSVINIT +UTMP +LIBCRYPTSETUP +GCRYPT +GNUTLS +ACL +XZ -LZ4 +SECCOMP +BLKID +ELFUTILS +KMOD -IDN)
[    5.935655] systemd[1]: Detected virtualization oracle.
[    5.937849] systemd[1]: Detected architecture x86-64.

Welcome to [1mUbuntu 16.04.6 LTS[0m!

[    5.948758] systemd[1]: Set hostname to <ubuntu>.
[    5.956719] systemd[1]: Initializing machine ID from random generator.
[    5.959699] systemd[1]: Installed transient /etc/machine-id file.
[    6.669444] systemd[1]: Listening on Syslog Socket.
[[0;32m  OK  [0m] Listening on Syslog Socket.
[    6.674220] systemd[1]: Reached target Encrypted Volumes.
[[0;32m  OK  [0m] Reached target Encrypted Volumes.
[    6.678663] systemd[1]: Reached target Swap.
[[0;32m  OK  [0m] Reached target Swap.
[    6.682255] systemd[1]: Reached target System Time Synchronized.
[[0;32m  OK  [0m] Reached target System Time Synchronized.
[    6.686885] systemd[1]: Listening on Journal Socket (/dev/log).
[[0;32m  OK  [0m] Listening on Journal Socket (/dev/log).
[    6.691739] systemd[1]: Set up automount Arbitrary Executable File Formats File System Automount Point.
[[0;32m  OK  [0m] Set up automount Arbitrary Executab...ats File System Automount Point.
[    6.698914] systemd[1]: Listening on /dev/initctl Compatibility Named Pipe.
[[0;32m  OK  [0m] Listening on /dev/initctl Compatibility Named Pipe.
[    6.704163] systemd[1]: Listening on Device-mapper event daemon FIFOs.
[[0;32m  OK  [0m] Listening on Device-mapper event daemon FIFOs.
[    6.709217] systemd[1]: Listening on LVM2 poll daemon socket.
[[0;32m  OK  [0m] Listening on LVM2 poll daemon socket.
[    6.714008] systemd[1]: Listening on LVM2 metadata daemon socket.
[[0;32m  OK  [0m] Listening on LVM2 metadata daemon socket.
[    6.719316] systemd[1]: Listening on udev Control Socket.
[[0;32m  OK  [0m] Listening on udev Control Socket.
[    6.723889] systemd[1]: Listening on Journal Audit Socket.
[[0;32m  OK  [0m] Listening on Journal Audit Socket.
[    6.728737] systemd[1]: Reached target User and Group Name Lookups.
[[0;32m  OK  [0m] Reached target User and Group Name Lookups.
[    6.736829] systemd[1]: Created slice System Slice.
[[0;32m  OK  [0m] Created slice System Slice.
[    6.742267] systemd[1]: Created slice system-serial\x2dgetty.slice.
[[0;32m  OK  [0m] Created slice system-serial\x2dgetty.slice.
[    6.750301] systemd[1]: Created slice User and Session Slice.
[[0;32m  OK  [0m] Created slice User and Session Slice.
[    7.172200] systemd[1]: Started Trigger resolvconf update for networkd DNS.
[[0;32m  OK  [0m] Started Trigger resolvconf update for networkd DNS.
[    7.183088] systemd[1]: Started Forward Password Requests to Wall Directory Watch.
[[0;32m  OK  [0m] Started Forward Password Requests to Wall Directory Watch.
[    7.302215] systemd[1]: Reached target Slices.
[[0;32m  OK  [0m] Reached target Slices.
[    7.308287] systemd[1]: Listening on Journal Socket.
[[0;32m  OK  [0m] Listening on Journal Socket.
[    7.324915] systemd[1]: Starting Remount Root and Kernel File Systems...
         Starting Remount Root and Kernel File Systems...
[    7.334946] systemd[1]: Mounting Debug File System...
         Mounting Debug File System...
[    7.344277] systemd[1]: Mounting Huge Pages File System...
[    7.352451] EXT4-fs (sda1): re-mounted. Opts: (null)
         Mounting Huge Pages File System...
[    7.358044] systemd[1]: Starting Monitoring of LVM2 mirrors, snapshots etc. using dmeventd or progress polling...
         Starting Monitoring of LVM2 mirrors... dmeventd or progress polling...
[    7.385139] systemd[1]: Starting Journal Service...
         Starting Journal Service...
[    7.393850] systemd[1]: Starting Create list of required static device nodes for the current kernel...
         Starting Create list of required st... nodes for the current kernel...
[    7.408592] systemd[1]: Starting Nameserver information manager...
         Starting Nameserver information manager...
[    7.415703] systemd[1]: Starting Uncomplicated firewall...
         Starting Uncomplicated firewall...
[    7.427351] systemd[1]: Mounting POSIX Message Queue File System...
         Mounting POSIX Message Queue File System...
[    7.434749] systemd[1]: Starting Set console keymap...
         Starting Set console keymap...
[    7.468663] systemd[1]: Starting Load Kernel Modules...
         Starting Load Kernel Modules...
[    7.473831] systemd[1]: Listening on udev Kernel Socket.
[[0;32m  OK  [0m] Listening on udev Kernel Socket.
[    7.487045] systemd[1]: Mounted POSIX Message Queue File System.
[[0;32m  OK  [0m] Mounted POSIX Message Queue File System.
[    7.493052] systemd[1]: Mounted Debug File System.
[[0;32m  OK  [0m] Mounted Debug File System.
[    7.498568] systemd[1]: Mounted Huge Pages File System.
[    7.499201] Loading iSCSI transport class v2.0-870.
[[0;32m  OK  [0m] Mounted Huge Pages File System.
[    7.507981] systemd[1]: Started Journal Service.
[[0;32m  OK  [0m] Started Journal Service.
[[0;32m  OK  [0m] Started Remount Root and Kernel File Systems.
[[0;32m  OK  [0m] Started Create list of required sta...ce nodes for the current kernel.
[    7.524180] iscsi: registered transport (tcp)
[[0;32m  OK  [0m] Started Uncomplicated firewall.
[[0;32m  OK  [0m] Started Set console keymap.
[[0;32m  OK  [0m] Started Nameserver information manager.
[    7.597911] iscsi: registered transport (iser)
[[0;32m  OK  [0m] Started Load Kernel Modules.
         Mounting FUSE Control File System...
         Starting Apply Kernel Variables...
[[0;32m  OK  [0m] Started LVM2 metadata daemon.
         Starting Create Static Device Nodes in /dev...
         Starting udev Coldplug all Devices...
         Starting Load/Save Random Seed...
         Starting Flush Journal to Persistent Storage...
[[0;32m  OK  [0m] Mounted FUSE Control File System.
[[0;32m  OK  [0m] Started Load/Save Random Seed.
[[0;32m  OK  [0m] Started Apply Kernel Variables.
[[0;32m  OK  [0m] Started Create Static Device Nodes in /dev.
[[0;32m  OK  [0m] Started Flush Journal to Persistent Storage.
[[0;32m  OK  [0m] Started udev Coldplug all Devices.
         Starting udev Kernel Device Manager...
[[0;32m  OK  [0m] Started Monitoring of LVM2 mirrors,...ng dmeventd or progress polling.
[[0;32m  OK  [0m] Reached target Local File Systems (Pre).
[[0;32m  OK  [0m] Reached target Local File Systems.
         Starting Commit a transient machine-id on disk...
         Starting LSB: AppArmor initialization...
         Starting Tell Plymouth To Write Out Runtime Data...
         Starting Set console font and keymap...
         Starting Create Volatile Files and Directories...
         Starting Initial cloud-init job (pre-networking)...
[[0;32m  OK  [0m] Started udev Kernel Device Manager.
[[0;32m  OK  [0m] Started Commit a transient machine-id on disk.
[[0;32m  OK  [0m] Started Tell Plymouth To Write Out Runtime Data.
[[0;32m  OK  [0m] Started Dispatch Password Requests to Console Directory Watch.
[[0;32m  OK  [0m] Started Create Volatile Files and Directories.
         Starting Update UTMP about System Boot/Shutdown...
[[0;32m  OK  [0m] Started Update UTMP about System Boot/Shutdown.
[[0;32m  OK  [0m] Found device /dev/ttyS0.
[[0;32m  OK  [0m] Listening on Load/Save RF Kill Switch Status /dev/rfkill Watch.
[[0;32m  OK  [0m] Started LSB: AppArmor initialization.
[[0;32m  OK  [0m] Started Set console font and keymap.
[[0;32m  OK  [0m] Created slice system-getty.slice.
[   10.824883] cloud-init[494]: Cloud-init v. 18.5-45-g3554ffe8-0ubuntu1~16.04.1 running 'init-local' at Tue, 28 May 2019 08:57:54 +0000. Up 10.17 seconds.
[[0;32m  OK  [0m] Started Initial cloud-init job (pre-networking).
[[0;32m  OK  [0m] Reached target Network (Pre).
         Starting Raise network interfaces...
[[0;32m  OK  [0m] Started Raise network interfaces.
[[0;32m  OK  [0m] Reached target Network.
         Starting Initial cloud-init job (metadata service crawler)...
[   13.442064] cloud-init[944]: Cloud-init v. 18.5-45-g3554ffe8-0ubuntu1~16.04.1 running 'init' at Tue, 28 May 2019 08:57:56 +0000. Up 11.77 seconds.
[   13.448998] cloud-init[944]: ci-info: ++++++++++++++++++++++++++++++++++++++Net device info++++++++++++++++++++++++++++++++++++++
[   13.456605] cloud-init[944]: ci-info: +--------+------+----------------------------+---------------+--------+-------------------+
[   13.464964] cloud-init[944]: ci-info: | Device |  Up  |          Address           |      Mask     | Scope  |     Hw-Address    |
[   13.472553] cloud-init[944]: ci-info: +--------+------+----------------------------+---------------+--------+-------------------+
[   13.480613] cloud-init[944]: ci-info: | enp0s3 | True |         10.0.2.15          | 255.255.255.0 | global | 02:3a:f4:24:e2:72 |
[   13.486285] cloud-init[944]: ci-info: | enp0s3 | True | fe80::3a:f4ff:fe24:e272/64 |       .       |  link  | 02:3a:f4:24:e2:72 |
[   13.492562] cloud-init[944]: ci-info: |   lo   | True |         127.0.0.1          |   255.0.0.0   |  host  |         .         |
[   13.498468] cloud-init[944]: ci-info: |   lo   | True |          ::1/128           |       .       |  host  |         .         |
[   13.504876] cloud-init[944]: ci-info: +--------+------+----------------------------+---------------+--------+-------------------+
[   13.514578] cloud-init[944]: ci-info: +++++++++++++++++++++++++++Route IPv4 info++++++++++++++++++++++++++++
[   13.520234] cloud-init[944]: ci-info: +-------+-------------+----------+---------------+-----------+-------+
[   13.525433] cloud-init[944]: ci-info: | Route | Destination | Gateway  |    Genmask    | Interface | Flags |
[   13.530363] cloud-init[944]: ci-info: +-------+-------------+----------+---------------+-----------+-------+
[   13.535317] cloud-init[944]: ci-info: |   0   |   0.0.0.0   | 10.0.2.2 |    0.0.0.0    |   enp0s3  |   UG  |
[   13.540610] cloud-init[944]: ci-info: |   1   |   10.0.2.0  | 0.0.0.0  | 255.255.255.0 |   enp0s3  |   U   |
[   13.545882] cloud-init[944]: ci-info: +-------+-------------+----------+---------------+-----------+-------+
[   13.550303] cloud-init[944]: ci-info: +++++++++++++++++++Route IPv6 info+++++++++++++++++++
[   13.554509] cloud-init[944]: ci-info: +-------+-------------+---------+-----------+-------+
[   13.559233] cloud-init[944]: ci-info: | Route | Destination | Gateway | Interface | Flags |
[   13.569076] cloud-init[944]: ci-info: +-------+-------------+---------+-----------+-------+
[   13.572804] cloud-init[944]: ci-info: |   0   |  fe80::/64  |    ::   |   enp0s3  |   U   |
[   13.576462] cloud-init[944]: ci-info: |   3   |   ff00::/8  |    ::   |   enp0s3  |   U   |
[   13.581807] cloud-init[944]: ci-info: +-------+-------------+---------+-----------+-------+
[   13.585712] cloud-init[944]: Generating public/private rsa key pair.
[   13.588681] cloud-init[944]: Your identification has been saved in /etc/ssh/ssh_host_rsa_key.
[   13.592757] cloud-init[944]: Your public key has been saved in /etc/ssh/ssh_host_rsa_key.pub.
[   13.597371] cloud-init[944]: The key fingerprint is:
[   13.600100] cloud-init[944]: SHA256:q83uZYbv+gr2h3qC4TKple3jxXoeJIzT6wPPiHPDubE root@ubuntu-xenial
[   13.604304] cloud-init[944]: The key's randomart image is:
[   13.607647] cloud-init[944]: +---[RSA 2048]----+
[   13.610947] cloud-init[944]: |                 |
[   13.614364] cloud-init[944]: |                 |
[   13.617088] cloud-init[944]: |                 |
[   13.619923] cloud-init[944]: |   +             |
[   13.623510] cloud-init[944]: |  o + . S        |
[   13.634789] [[0;32m  OK  [0m] Started Initial cloud-init job (metadata service crawler).
cloud-init[944]: |  .+.=   o       |
[   13.640533] cloud-init[944]: | o+Ooo* o.+      |
[[0;32m  OK  [0m] Reached target System Initialization.
[[0;32m  OK  [0m] Started Daily Cleanup of Temporary Directories.
[   13.650045] cloud-init[944]: |o.X=B+oBo=.      |
[[0;32m  OK  [0m] Listening on D-Bus System Message Bus Socket.
[   13.674856] cloud-init[944]: |.+E*==+*O*+      |
[   13.682291] cloud-init[944]: +----[SHA256]-----+
[   13.689514] cloud-init[944]: Generating public/private dsa key pair.
[[0;32m  OK  [0m] Started ACPI Events Check.
[[0;32m  OK  [0m] Reached target Paths.
[   13.699740] cloud-init[944]: Your identification has been saved in /etc/ssh/ssh_host_dsa_key.
[[0;32m  OK  [0m] Listening on ACPID Listen Socket.
[   13.727579] cloud-init[944]: Your public key has been saved in /etc/ssh/ssh_host_dsa_key.pub.
[   13.736986] cloud-init[944]: The key fingerprint is:
         [   13.741035] Starting LXD - unix socket.cloud-init
[944]: SHA256:IydaRDmXecpVAV7SOmJAlu7tFlMPjV6FjAnsQz0xCe8 root@ubuntu-xenial
         Starting Socket activation for snappy daemon.[   13.749162] 
cloud-init[944]: The key's randomart image is:
[[0;32m  OK  [0m[   13.755070] cloud-init[944]: +---[DSA 1024]----+
] Started Daily apt download activities.
[   13.757265] cloud-init[[944]: [0;32m  OK  [0m|     .++o*=X+o   |] 
Started Daily apt upgrade and clean activities.
[[0;32m  OK  [0m] Reached target Timers.
[[0;32m  OK  [0m] Listening on UUID daemon activation socket.
[[0;32m  OK  [0m] Reached target Cloud-config availability.
[   13.762670] cloud-init[944]: |     o= *oO++ .  |
[   13.797824] cloud-init[944]: |     ..B +o= .   |
[   13.800862] cloud-init[944]: |     .. B.* o    |
[   13.812778] cloud-init[944]: |     .+oS=E=     |
[   13.812920] cloud-init[944]: |     o.++.. .    |
[   13.812999] cloud-init[944]: |    .  . o       |
[   13.813267] cloud-init[944]: |        o        |
[   13.813340] cloud-init[944]: |       .         |
[   13.813402] cloud-init[944]: +----[SHA256]-----+
[   13.813669] cloud-init[944]: Generating public/private ecdsa key pair.
[   13.813736] cloud-init[944]: Your identification has been saved in /etc/ssh/ssh_host_ecdsa_key.
[   13.813795] cloud-init[944]: Your public key has been saved in /etc/ssh/ssh_host_ecdsa_key.pub.
[   13.813939] cloud-init[944]: The key fingerprint is:
[   13.814002] cloud-init[944]: SHA256:V9Uy7ux8db5Xku/AJA3qG0Ofk+wmPCE7wqeGZ0cdnUk root@ubuntu-xenial
[   13.814107] cloud-init[944]: The key's randomart image is:
[   13.814165] cloud-init[944]: +---[ECDSA 256]---+
[   13.814270] cloud-init[944]: |              .. |
[   13.814327] cloud-init[944]: |            E.o .|
[   13.814408] cloud-init[944]: |           oo+ o |
[   13.814468] cloud-init[944]: |          .o+o.  |
[   13.814551] cloud-init[944]: |        S.+..oo. |
[   13.814609] cloud-init[944]: |        o+oo *= +|
[   13.815111] cloud-init[944]: |     o . ++.*oo++|
[   13.815269] cloud-init[944]: |    . * = +=..o.=|
[   13.815355] cloud-init[944]: |     +.= ..+.  ++|
[   13.816070] cloud-init[[0;32m  OK  [0m] Reached target Network is Online.
[944]: +----[SHA256]-----+
[   13.848350]          cloud-initStarting iSCSI initiator daemon (iscsid)...[944]: 
Generating public/private ed25519 key pair.
[   13.856924] [cloud-init[0;32m  OK  [0m[944]: ] Your identification has been saved in /etc/ssh/ssh_host_ed25519_key.Listening on LXD - unix socket.

[[0;32m  OK  [0m] Listening on Socket activation for snappy daemon.
[   13.859082] cloud-init[944]: Your public key has been saved in /etc/ssh/ssh_host_ed25519_key.pub.
[   13.869835] [[0;32m  OK  [0m] Reached target Sockets.
cloud-init[[944]: [0;32m  OK  [0mThe key fingerprint is:] 
Reached target Basic System.
[   13.874765] cloud-init[944]: SHA256:GNjQw71dDLHFiPsPfA7EmG0kAobE/IoDaaGrEE7XOuw root@ubuntu-xenial
[   13.878772] cloud-init[944]: The key's randomart image is:
[   13.882165]          Starting Login Service...
cloud-init[944]: +--[ED25519 256]--+
[[0;32m  OK  [0m] Started Regular background program processing daemon.
[   13.900225] [[0;32m  OK  [0mcloud-init] [944]: Started Deferred execution scheduler.| +..++ . .o*.    |

[   13.914440]          Starting Virtualbox guest utils...
cloud-init[944]: | .+. += + oo+    |
[   13.919774] cloud-init[944]: |....o oo @..     |
         Starting Accounts Service...
[   13.925680] cloud-init[944]: |=o ... o= *      |
[[0;32m  OK  [0m] Started ACPI event daemon.
[   13.929487] cloud-init[944]: |=+o.. . S=       |
[   13.935167] cloud-init[944]:          Starting Snappy daemon...
|=..+      = .    |
         Starting Pollinate to seed the pseudo random number generator...
[[0;32m  OK  [0m] Started D-Bus System Message Bus.
[   13.951213] cloud-init[944]: |o.. .      *     |
[   13.959573] cloud-init[944]: |.  E        o    |
[   13.965730] cloud-init[944]: |                 |
[   13.971050] cloud-init[944]: +----[SHA256]-----+
         Starting System Logging Service...
         Starting LSB: Record successful boot for GRUB...
[[0;32m  OK  [0m] Started Unattended Upgrades Shutdown.
         Starting LSB: MD monitoring daemon...
         Starting /etc/rc.local Compatibility...
[[0;32m  OK  [0m] Started FUSE filesystem for LXC.
         Starting LXD - container startup/shutdown...
[[0;32m  OK  [0m] Started /etc/rc.local Compatibility.
[[0;32m  OK  [0m] Started iSCSI initiator daemon (iscsid).
[[0;32m  OK  [0m] Started System Logging Service.
[[0;32m  OK  [0m] Started Login Service.
         Starting Authenticate and Authorize Users to Run Privileged Tasks...
         Starting Login to default iSCSI targets...
[[0;32m  OK  [0m] Started LSB: Record successful boot for GRUB.
[[0;32m  OK  [0m] Started LSB: MD monitoring daemon.
[[0;32m  OK  [0m] Started Login to default iSCSI targets.
[[0;32m  OK  [0m] Reached target Remote File Systems (Pre).
[[0;32m  OK  [0m] Reached target Remote File Systems.
         Starting Permit User Sessions...
         Starting LSB: automatic crash report generation...
         Starting LSB: Set the CPU Frequency Scaling governor to "ondemand"...
         Starting LSB: daemon to balance interrupts for SMP systems...
[[0;32m  OK  [0m] Started Virtualbox guest utils.
[[0;32m  OK  [0m] Started Permit User Sessions.
[[0;32m  OK  [0m] Started Authenticate and Authorize Users to Run Privileged Tasks.
[[0;32m  OK  [0m] Started Accounts Service.
[[0;32m  OK  [0m] Started Snappy daemon.
         Starting Wait until snapd is fully seeded...
         Starting Terminate Plymouth Boot Screen...
         Starting Hold until boot process finishes up...
[[0;32m  OK  [0m] Started LXD - container startup/shutdown.
[[0;32m  OK  [0m] Started Terminate Plymouth Boot Screen.
[[0;32m  OK  [0m] Started LSB: Set the CPU Frequency Scaling governor to "ondemand".
[[0;32m  OK  [0m] Started Hold until boot process finishes up.
[[0;32m  OK  [0m] Started LSB: automatic crash report generation.
[[0;32m  OK  [0m] Started LSB: daemon to balance interrupts for SMP systems.
[[0;32m  OK  [0m] Started Pollinate to seed the pseudo random number generator.
         Starting OpenBSD Secure Shell server...
[[0;32m  OK  [0m] Started Serial Getty on ttyS0.
[[0;32m  OK  [0m] Started Getty on tty1.
[[0;32m  OK  [0m] Reached target Login Prompts.
         Starting Set console scheme...
[[0;32m  OK  [0m] Started Set console scheme.
[[0;32m  OK  [0m] Started OpenBSD Secure Shell server.
[[0;32m  OK  [0m] Created slice User Slice of vagrant.
         Starting User Manager for UID 1000...
[[0;32m  OK  [0m] Started Session 1 of user vagrant.
[[0;32m  OK  [0m] Started User Manager for UID 1000.
[[0;32m  OK  [0m] Started Wait until snapd is fully seeded.
         Starting Apply the settings specified in cloud-config...
[[0;32m  OK  [0m] Reached target Multi-User System.
[[0;32m  OK  [0m] Reached target Graphical Interface.
         Starting Update UTMP about System Runlevel Changes...
[[0;32m  OK  [0m] Started Update UTMP about System Runlevel Changes.
         Stopping User Manager for UID 1000...
[[0;32m  OK  [0m] Stopped User Manager for UID 1000.
[[0;32m  OK  [0m] Removed slice User Slice of vagrant.
[   19.286445] cloud-init[1427]: Generating locales (this might take a while)...
[[0;32m  OK  [0m] Created slice User Slice of vagrant.
         Starting User Manager for UID 1000...
[[0;32m  OK  [0m] Started Session 2 of user vagrant.
[[0;32m  OK  [0m] Started User Manager for UID 1000.
[   20.823611] cloud-init[1427]:   en_US.UTF-8... done
[   20.828475] cloud-init[1427]: Generation complete.

Ubuntu 16.04.6 LTS default-ubuntu-1604 ttyS0

default-ubuntu-1604 login: [   22.032344] cloud-init[1427]: Cloud-init v. 18.5-45-g3554ffe8-0ubuntu1~16.04.1 running 'modules:config' at Tue, 28 May 2019 08:58:03 +0000. Up 19.01 seconds.
ci-info: no authorized ssh keys fingerprints found for user ubuntu.
<14>May 28 08:58:07 ec2: 
<14>May 28 08:58:07 ec2: #############################################################
<14>May 28 08:58:07 ec2: -----BEGIN SSH HOST KEY FINGERPRINTS-----
<14>May 28 08:58:07 ec2: 1024 SHA256:IydaRDmXecpVAV7SOmJAlu7tFlMPjV6FjAnsQz0xCe8 root@ubuntu-xenial (DSA)
<14>May 28 08:58:07 ec2: 256 SHA256:V9Uy7ux8db5Xku/AJA3qG0Ofk+wmPCE7wqeGZ0cdnUk root@ubuntu-xenial (ECDSA)
<14>May 28 08:58:07 ec2: 256 SHA256:GNjQw71dDLHFiPsPfA7EmG0kAobE/IoDaaGrEE7XOuw root@ubuntu-xenial (ED25519)
<14>May 28 08:58:07 ec2: 2048 SHA256:q83uZYbv+gr2h3qC4TKple3jxXoeJIzT6wPPiHPDubE root@ubuntu-xenial (RSA)
<14>May 28 08:58:07 ec2: -----END SSH HOST KEY FINGERPRINTS-----
<14>May 28 08:58:07 ec2: #############################################################
-----BEGIN SSH HOST KEY KEYS-----
ecdsa-sha2-nistp256 AAAAE2VjZHNhLXNoYTItbmlzdHAyNTYAAAAIbmlzdHAyNTYAAABBBJ4KiM5aIK8yElx76xGT5xsVUJfXD0Xzvkz+chKV1EM1UozepIirP25+k4V28fGZDacX1a568Jm/DwCIpzY5yI4= root@ubuntu-xenial
ssh-ed25519 AAAAC3NzaC1lZDI1NTE5AAAAIJtqPOB6EgmVwtqEOPVWgwXbLMxwg2joG6IllWcT753z root@ubuntu-xenial
ssh-rsa AAAAB3NzaC1yc2EAAAADAQABAAABAQCtMS5lCljzhSz1WOfhF2p1SIEAETaCYU4lVANCkG5TcQWGf9BCeNC/Zvf9NpJffsMd8sUZd0I065KUH45QR2UpRTtKTbg5meSiDdpU+/EA12ifsCYanB+Hxryu7baZ7OoY9+c36JBXnrm8XdLDXilvuoW+tgO6y/sS7CWeHMuy6LVH3eMiHxaWDKOBDuvW2ivhnzq97zNGQmUaTEGMrDb9+LfAVgnlcLujziFSYD21m9D52dx5r5TdXDVWf58yYUJsoHbXZ2gEp0OruosupCwtgxZwR8ERqIbu/ydNA5A6663yR+MWx6egnM4V6YY/bL1RxQb5nc5QpIo5q1CdwIN7 root@ubuntu-xenial
-----END SSH HOST KEY KEYS-----
[   23.079459] cloud-init[1721]: Cloud-init v. 18.5-45-g3554ffe8-0ubuntu1~16.04.1 running 'modules:final' at Tue, 28 May 2019 08:58:07 +0000. Up 22.69 seconds.
[   23.080206] cloud-init[1721]: ci-info: no authorized ssh keys fingerprints found for user ubuntu.
[   23.089547] cloud-init[1721]: Cloud-init v. 18.5-45-g3554ffe8-0ubuntu1~16.04.1 finished at Tue, 28 May 2019 08:58:07 +0000. Datasource DataSourceNoCloud [seed=/dev/sdb][dsmode=net].  Up 23.06 seconds
